[Market] New Best Bid: 100.10 x 300
[Market] New Best Ask: 100.20 x 250
[Market] New Best Bid: 100.15 x 200
[Market] New Best Ask: 100.18 x 100
[Market] Best Ask: 100.18 removed
[Market] New Best Ask: 100.25 x 200
[Market] New Best Bid: 100.17 x 100
[Market] New Best Ask: 100.22 x 150
[Market] New Best Bid: 100.20 x 300
[Market] New Best Ask: 100.23 x 100

[Strategy] Placing SELL order at 100.18 x 50 (ID = 1)
[Execution] Order 1 filled: 10
[Order] Order 1 partially filled: 10 / 50
[Execution] Order 1 filled: 20
[Order] Order 1 partially filled: 30 / 50
[Strategy] Placing SELL order at 100.17 x 100 (ID = 2)
[Execution] Order 2 filled: 50
[Order] Order 2 partially filled: 50 / 100
[Execution] Order 2 filled: 50
[Order] Order 2 completed (100 / 100) and removed
